
[1m[46m RUN [49m[22m [36mv4.0.16 [39m[90mC:/Kuliah/Semester 7/PM/tubes/multidisiplin2025[39m

[90mstdout[2m | src/lib/features/auth/auth.integration.test.ts
[22m[39m[dotenv@17.2.3] injecting env (5) from .env -- tip: ΓÜÖ∩╕Å  specify custom .env file path with { path: '/custom/path/.env' }

[90mstdout[2m | src/lib/features/auth/auth.integration.test.ts
[22m[39m[2026-01-06 13:35:50] [32minfo[39m: [32m[Prisma Info] Starting a postgresql pool with 17 connections.[39m

[90mstdout[2m | src/lib/features/auth/auth.integration.test.ts[2m > [22m[2mAuth Full Integration[2m > [22m[2mregister ΓåÆ login ΓåÆ refresh ΓåÆ logout flow
[22m[39m[2026-01-06 13:35:51] [34mdebug[39m: [34mQuery: DELETE FROM "public"."Session" WHERE 1=1 | Params: [] | Duration: 5ms[39m

[90mstdout[2m | src/lib/features/auth/auth.integration.test.ts[2m > [22m[2mAuth Full Integration[2m > [22m[2mregister ΓåÆ login ΓåÆ refresh ΓåÆ logout flow
[22m[39m[2026-01-06 13:35:51] [34mdebug[39m: [34mQuery: DELETE FROM "public"."User" WHERE 1=1 | Params: [] | Duration: 6ms[39m

[90mstdout[2m | src/lib/features/auth/auth.integration.test.ts[2m > [22m[2mAuth Full Integration[2m > [22m[2mregister ΓåÆ login ΓåÆ refresh ΓåÆ logout flow
[22m[39m[2026-01-06 13:35:51] [34mdebug[39m: [34mQuery: SELECT "public"."User"."id_User", "public"."User"."Role", "public"."User"."Password", "public"."User"."Email", "public"."User"."Name", "public"."User"."createdAt", "public"."User"."updatedAt" FROM "public"."User" WHERE ("public"."User"."Role" = $1 AND 1=1) LIMIT $2 OFFSET $3 | Params: ["STUDENT_HOUSING",1,0] | Duration: 2ms[39m

[90mstdout[2m | src/lib/features/auth/auth.integration.test.ts[2m > [22m[2mAuth Full Integration[2m > [22m[2mregister ΓåÆ login ΓåÆ refresh ΓåÆ logout flow
[22m[39m[2026-01-06 13:35:51] [34mdebug[39m: [34mQuery: SELECT "public"."User"."id_User", "public"."User"."Role", "public"."User"."Password", "public"."User"."Email", "public"."User"."Name", "public"."User"."createdAt", "public"."User"."updatedAt" FROM "public"."User" WHERE ("public"."User"."Email" = $1 AND 1=1) LIMIT $2 OFFSET $3 | Params: ["test@example.com",1,0] | Duration: 2ms[39m

[90mstdout[2m | src/lib/features/auth/auth.integration.test.ts[2m > [22m[2mAuth Full Integration[2m > [22m[2mregister ΓåÆ login ΓåÆ refresh ΓåÆ logout flow
[22m[39m[2026-01-06 13:35:51] [34mdebug[39m: [34mQuery: INSERT INTO "public"."User" ("Role","Password","Email","Name","createdAt","updatedAt") VALUES ($1,$2,$3,$4,$5,$6) RETURNING "public"."User"."id_User", "public"."User"."Role", "public"."User"."Password", "public"."User"."Email", "public"."User"."Name", "public"."User"."createdAt", "public"."User"."updatedAt" | Params: ["STUDENT_HOUSING","5e884898da28047151d0e56f8dc6292773603d0d6aabbdd62a11ef721d1542d8","test@example.com","Test User","2026-01-06 06:35:51.196 UTC","2026-01-06 06:35:51.196 UTC"] | Duration: 4ms[39m

[90mstdout[2m | src/lib/features/auth/auth.integration.test.ts[2m > [22m[2mAuth Full Integration[2m > [22m[2mregister ΓåÆ login ΓåÆ refresh ΓåÆ logout flow
[22m[39m[2026-01-06 13:35:51] [34mdebug[39m: [34mQuery: SELECT "public"."User"."id_User", "public"."User"."Role", "public"."User"."Password", "public"."User"."Email", "public"."User"."Name", "public"."User"."createdAt", "public"."User"."updatedAt" FROM "public"."User" WHERE ("public"."User"."Role" = $1 AND 1=1) LIMIT $2 OFFSET $3 | Params: ["STUDENT_HOUSING",1,0] | Duration: 0ms[39m

[90mstdout[2m | src/lib/features/auth/auth.integration.test.ts[2m > [22m[2mAuth Full Integration[2m > [22m[2mregister ΓåÆ login ΓåÆ refresh ΓåÆ logout flow
[22m[39m[2026-01-06 13:35:51] [34mdebug[39m: [34mQuery: INSERT INTO "public"."Session" ("id","userId","refreshToken","expiresAt","createdAt") VALUES ($1,$2,$3,$4,$5) RETURNING "public"."Session"."id", "public"."Session"."userId", "public"."Session"."refreshToken", "public"."Session"."expiresAt", "public"."Session"."createdAt" | Params: ["cmk27u3w10001tmywa6drcdxt",3,"eyJhbGciOiJIUzI1NiIsInR5cCI6IkpXVCJ9.eyJzZXNzaW9uIjp0cnVlLCJ1c2VySWQiOjMsImlhdCI6MTc2NzY4MTM1MSwiZXhwIjoxNzY4Mjg2MTUxfQ.GtDYVbYlZF5t63zoMiga6t5955p2q9LqmoYvfJscpnc","2026-01-13 06:35:51.215 UTC","2026-01-06 06:35:51.217 UTC"] | Duration: 3ms[39m

[90mstdout[2m | src/lib/features/auth/auth.integration.test.ts[2m > [22m[2mAuth Full Integration[2m > [22m[2mregister ΓåÆ login ΓåÆ refresh ΓåÆ logout flow
[22m[39m[2026-01-06 13:35:52] [34mdebug[39m: [34mQuery: SELECT "public"."Session"."id", "public"."Session"."userId", "public"."Session"."refreshToken", "public"."Session"."expiresAt", "public"."Session"."createdAt" FROM "public"."Session" WHERE ("public"."Session"."refreshToken" = $1 AND 1=1) LIMIT $2 OFFSET $3 | Params: ["eyJhbGciOiJIUzI1NiIsInR5cCI6IkpXVCJ9.eyJzZXNzaW9uIjp0cnVlLCJ1c2VySWQiOjMsImlhdCI6MTc2NzY4MTM1MSwiZXhwIjoxNzY4Mjg2MTUxfQ.GtDYVbYlZF5t63zoMiga6t5955p2q9LqmoYvfJscpnc",1,0] | Duration: 1ms[39m

[90mstdout[2m | src/lib/features/auth/auth.integration.test.ts[2m > [22m[2mAuth Full Integration[2m > [22m[2mregister ΓåÆ login ΓåÆ refresh ΓåÆ logout flow
[22m[39m[2026-01-06 13:35:52] [34mdebug[39m: [34mQuery: DELETE FROM "public"."Session" WHERE "public"."Session"."refreshToken" = $1 | Params: ["eyJhbGciOiJIUzI1NiIsInR5cCI6IkpXVCJ9.eyJzZXNzaW9uIjp0cnVlLCJ1c2VySWQiOjMsImlhdCI6MTc2NzY4MTM1MSwiZXhwIjoxNzY4Mjg2MTUxfQ.GtDYVbYlZF5t63zoMiga6t5955p2q9LqmoYvfJscpnc"] | Duration: 3ms[39m

[90mstdout[2m | src/lib/features/auth/auth.integration.test.ts[2m > [22m[2mAuth Full Integration[2m > [22m[2mregister ΓåÆ login ΓåÆ refresh ΓåÆ logout flow
[22m[39m[2026-01-06 13:35:52] [34mdebug[39m: [34mQuery: SELECT "public"."Session"."id", "public"."Session"."userId", "public"."Session"."refreshToken", "public"."Session"."expiresAt", "public"."Session"."createdAt" FROM "public"."Session" WHERE ("public"."Session"."refreshToken" = $1 AND 1=1) LIMIT $2 OFFSET $3 | Params: ["eyJhbGciOiJIUzI1NiIsInR5cCI6IkpXVCJ9.eyJzZXNzaW9uIjp0cnVlLCJ1c2VySWQiOjMsImlhdCI6MTc2NzY4MTM1MSwiZXhwIjoxNzY4Mjg2MTUxfQ.GtDYVbYlZF5t63zoMiga6t5955p2q9LqmoYvfJscpnc",1,0] | Duration: 1ms[39m

[90mstdout[2m | src/lib/features/auth/auth.integration.test.ts[2m > [22m[2mAuth Full Integration[2m > [22m[2mlogin gagal jika password salah
[22m[39m[2026-01-06 13:35:52] [34mdebug[39m: [34mQuery: DELETE FROM "public"."Session" WHERE 1=1 | Params: [] | Duration: 1ms[39m

[90mstdout[2m | src/lib/features/auth/auth.integration.test.ts[2m > [22m[2mAuth Full Integration[2m > [22m[2mlogin gagal jika password salah
[22m[39m[2026-01-06 13:35:52] [34mdebug[39m: [34mQuery: DELETE FROM "public"."User" WHERE 1=1 | Params: [] | Duration: 13ms[39m

[90mstdout[2m | src/lib/features/auth/auth.integration.test.ts[2m > [22m[2mAuth Full Integration[2m > [22m[2mlogin gagal jika password salah
[22m[39m[2026-01-06 13:35:52] [34mdebug[39m: [34mQuery: SELECT "public"."User"."id_User", "public"."User"."Role", "public"."User"."Password", "public"."User"."Email", "public"."User"."Name", "public"."User"."createdAt", "public"."User"."updatedAt" FROM "public"."User" WHERE ("public"."User"."Role" = $1 AND 1=1) LIMIT $2 OFFSET $3 | Params: ["FAIL_ROLE",1,0] | Duration: 2ms[39m

[90mstdout[2m | src/lib/features/auth/auth.integration.test.ts[2m > [22m[2mAuth Full Integration[2m > [22m[2mlogin gagal jika password salah
[22m[39m[2026-01-06 13:35:52] [34mdebug[39m: [34mQuery: INSERT INTO "public"."User" ("Role","Password","createdAt","updatedAt") VALUES ($1,$2,$3,$4) RETURNING "public"."User"."id_User", "public"."User"."Role", "public"."User"."Password", "public"."User"."Email", "public"."User"."Name", "public"."User"."createdAt", "public"."User"."updatedAt" | Params: ["FAIL_ROLE","15a596e3c98c407e043751ff3b21ff0358a1bdfdf3fe948b1523893a8e5de2e8","2026-01-06 06:35:52.300 UTC","2026-01-06 06:35:52.300 UTC"] | Duration: 3ms[39m

[90mstdout[2m | src/lib/features/auth/auth.integration.test.ts[2m > [22m[2mAuth Full Integration[2m > [22m[2mlogin gagal jika password salah
[22m[39m[2026-01-06 13:35:52] [34mdebug[39m: [34mQuery: SELECT "public"."User"."id_User", "public"."User"."Role", "public"."User"."Password", "public"."User"."Email", "public"."User"."Name", "public"."User"."createdAt", "public"."User"."updatedAt" FROM "public"."User" WHERE ("public"."User"."Role" = $1 AND 1=1) LIMIT $2 OFFSET $3 | Params: ["FAIL_ROLE",1,0] | Duration: 1ms[39m

[90mstdout[2m | src/lib/features/auth/auth.integration.test.ts[2m > [22m[2mAuth Full Integration
[22m[39m[2026-01-06 13:35:52] [34mdebug[39m: [34mQuery: DELETE FROM "public"."Session" WHERE 1=1 | Params: [] | Duration: 1ms[39m

[90mstdout[2m | src/lib/features/auth/auth.integration.test.ts[2m > [22m[2mAuth Full Integration
[22m[39m[2026-01-06 13:35:52] [34mdebug[39m: [34mQuery: DELETE FROM "public"."User" WHERE 1=1 | Params: [] | Duration: 2ms[39m

 [31mΓ¥»[39m src/lib/features/auth/auth.integration.test.ts [2m([22m[2m2 tests[22m[2m | [22m[31m1 failed[39m[2m)[22m[33m 1194[2mms[22m[39m
     [33m[2mΓ£ô[22m[39m register ΓåÆ login ΓåÆ refresh ΓåÆ logout flow [33m 1114[2mms[22m[39m
[31m     [31m├ù[31m login gagal jika password salah[39m[32m 65[2mms[22m[39m
node.exe : 
At C:\Program 
Files\nodejs\npx.ps1:29 
char:3
+   & $NODE_EXE 
$NPX_CLI_JS $args
+   ~~~~~~~~~~~~~~~~~~~~
~~~~~~~~~
    + CategoryInfo      
        : NotSpecified: 
(:St    ring) [], 
RemoteExcept    ion
    + 
FullyQualifiedErrorI    
d : NativeCommandError
 
[31mΓÄ»ΓÄ»ΓÄ»ΓÄ»ΓÄ»ΓÄ»Γ
Ä»[39m[1m[41m Failed 
Tests 1 [49m[22m[31mΓ
Ä»ΓÄ»ΓÄ»ΓÄ»ΓÄ»ΓÄ»ΓÄ»[39
m

[41m[1m FAIL 
[22m[49m src/lib/featu
res/auth/auth.integratio
n.test.ts[2m > 
[22mAuth Full 
Integration[2m > 
[22mlogin gagal jika 
password salah
[31m[1mAssertionError
[22m: expected 
[Function] to throw 
error including 
'Invalid credentials' 
but got 'Role atau 
password salah'[39m

Expected: [32m"Invalid 
credentials"[39m
Received: [31m"Role 
atau password 
salah"[39m

[36m [2mΓ¥»[22m src/l
ib/features/auth/auth.in
tegration.test.ts:[2m10
0:5[22m[39m
    [90m 98| [39m    
})[33m;[39m
    [90m 99| [39m
    [90m100| [39m    
[35mawait[39m 
[34mexpect[39m(
    [90m   | [39m    
[31m^[39m
    [90m101| [39m     
 loginUseCase[33m.[39m
[34mexecute[39m({ 
role[33m:[39m [32m'FA
IL_ROLE'[39m[33m,[39m
 password[33m:[39m 
[32m'wrong'[39m })
    [90m102| [39m    )
[33m.[39mrejects[33m.
[39m[34mtoThrow[39m(
[32m'Invalid credentials
'[39m)[33m;[39m

[31m[2mΓÄ»ΓÄ»ΓÄ»ΓÄ»ΓÄ»
ΓÄ»ΓÄ»ΓÄ»ΓÄ»ΓÄ»ΓÄ»ΓÄ»ΓÄ»
ΓÄ»ΓÄ»ΓÄ»ΓÄ»ΓÄ»ΓÄ»ΓÄ»ΓÄ»
ΓÄ»ΓÄ»ΓÄ»[1/1]ΓÄ»[22m[
39m


[2m Test Files [22m [1m[31m1 failed[39m[22m[90m (1)[39m
[2m      Tests [22m [1m[31m1 failed[39m[22m[2m | [22m[1m[32m1 passed[39m[22m[90m (2)[39m
[2m   Start at [22m 13:35:50
[2m   Duration [22m 2.22s[2m (transform 283ms, setup 85ms, import 596ms, tests 1.19s, environment 0ms)[22m

